<!DOCTYPE html>
<html lang="en">
<head>
    <meta charset="UTF-8">
    <title>Test page</title>
</head>
<body>
    
    <h1>Fruits</h1>
        <p>red</p>
        <ul>
                <li>strawberry</li>
        </ul>
        <p>yellow</p>
        <ul>
                <li>banana</li>
                <li>lemon</li>
        </ul>
        <p>green</p>
        <ul>
                <li>{'slug': 'apple', 'name': 'Apple'}</li>
                <li>{'slug': 'pear', 'name': 'Pear'}</li>
                <li>{'slug': 'melon', 'name': 'Melon'}</li>
        </ul>

    <h1>Vegetables</h1>
    <ul>
            <li>carrot</li>
            <li>pumpkin</li>
            <li>potato</li>
    </ul>

</body>
</html>
